// Jest Snapshot v1, https://goo.gl/fbAQLP

exports[`renders correctly 1`] = `
<View
  style={
    Object {
      "alignSelf": "center",
      "marginTop": 250,
    }
  }
>
  <ActivityIndicator
    animating={true}
    color="#999999"
    hidesWhenStopped={true}
    size="large"
    style={
      Object {
        "marginBottom": 20,
      }
    }
  />
  <Text
    accessible={true}
    allowFontScaling={true}
    disabled={false}
    ellipsizeMode="tail"
    style={
      Object {
        "backgroundColor": "transparent",
        "color": "#B8B8B8",
        "fontFamily": "helvetica-neue-md",
        "fontSize": 12,
        "marginBottom": 20,
        "marginLeft": 20,
        "marginRight": 20,
      }
    }
  >
    Comments are being fetched.
  </Text>
</View>
`;
