// Jest Snapshot v1, https://goo.gl/fbAQLP

exports[`DebateDetails 1`] = `
<View
  style={
    Object {
      "flex": 1,
    }
  }
>
  <NavigationBar
    backgroundColor="#4CC359"
    height={50}
    leftButtonTitle={null}
    leftButtonTitleColor="#000"
    rightButtonTitle={null}
    rightButtonTitleColor="#000"
    title="EL Debate"
    titleColor="#fff"
  />
  <View
    style={
      Object {
        "flex": 1,
        "top": 100,
      }
    }
  >
    <ScrollViewMock
      style={
        Object {
          "flex": 1,
        }
      }
    >
      <Text
        accessible={true}
        allowFontScaling={true}
        disabled={false}
        ellipsizeMode="tail"
        style={
          Object {
            "color": "#656565",
            "fontFamily": "helvetica-neue-lt",
            "fontSize": 20,
            "marginBottom": 20,
            "textAlign": "center",
          }
        }
      />
      <Text
        accessible={true}
        allowFontScaling={true}
        disabled={false}
        ellipsizeMode="tail"
        style={
          Object {
            "color": "#656565",
            "fontFamily": "helvetica-neue-lt",
            "fontSize": 20,
            "marginBottom": 20,
            "textAlign": "center",
          }
        }
      >
        Welcome to
      </Text>
      <Image
        source={1}
        style={
          Object {
            "alignSelf": "center",
            "height": 50,
            "resizeMode": "contain",
            "width": 106,
          }
        }
      />
      <View>
        <TextInput
          keyboardType="numeric"
          maxLength={5}
          onChange={[Function]}
          onSubmitEditing={[Function]}
          placeholder="EL Debate PIN"
          returnKeyType="done"
          style={
            Object {
              "alignSelf": "center",
              "borderBottomColor": "#C0C0C0",
              "borderBottomWidth": 1,
              "bottom": 0,
              "color": "#8F8F8F",
              "fontSize": 18,
              "height": 40,
              "marginRight": 5,
              "marginTop": 40,
              "textAlign": "center",
              "width": "80%",
            }
          }
          value=""
        />
        <Image
          source={1}
          style={
            Object {
              "bottom": 30,
              "left": 45,
              "position": "relative",
            }
          }
        />
      </View>
    </ScrollViewMock>
    <View
      style={
        Object {
          "bottom": 0,
        }
      }
    >
      <Image
        source={1}
        style={
          Object {
            "alignSelf": "center",
            "bottom": 0,
          }
        }
      />
      <Button
        onPress={[Function]}
        style={
          Object {
            "alignSelf": "center",
            "backgroundColor": "#4CC359",
            "borderColor": "#fff",
            "borderRadius": 0,
            "bottom": 120,
            "height": 40,
            "width": "80%",
          }
        }
      >
        <Text
          accessible={true}
          allowFontScaling={true}
          disabled={false}
          ellipsizeMode="tail"
          style={
            Object {
              "color": "#fff",
              "fontFamily": "helvetica-neue-lt",
              "fontSize": 14,
            }
          }
        >
          Log in
        </Text>
      </Button>
    </View>
  </View>
</View>
`;

exports[`renders correctly 1`] = `
<View
  style={
    Object {
      "flex": 1,
    }
  }
>
  <NavigationBar
    backgroundColor="#4CC359"
    height={50}
    leftButtonTitle="Back"
    leftButtonTitleColor="#fff"
    onLeftButtonPress={[Function]}
    rightButtonTitle={null}
    rightButtonTitleColor="#000"
    title="EL Debate"
    titleColor="#fff"
  />
  <View
    style={
      Object {
        "bottom": 0,
        "left": 0,
        "position": "absolute",
        "right": 0,
      }
    }
  >
    <Image
      source={1}
      style={
        Object {
          "alignSelf": "center",
          "bottom": -30,
        }
      }
    />
  </View>
  <ScrollViewMock
    style={
      Object {
        "flex": 1,
        "top": 85,
      }
    }
  >
    <Text
      accessible={true}
      allowFontScaling={true}
      disabled={false}
      ellipsizeMode="tail"
      style={
        Object {
          "backgroundColor": "transparent",
          "color": "#B8B8B8",
          "fontFamily": "helvetica-neue-md",
          "fontSize": 12,
          "marginBottom": 20,
          "marginLeft": 20,
          "marginRight": 20,
        }
      }
    >
      Our debate is about:
    </Text>
    <View
      style={
        Object {
          "alignSelf": "center",
          "borderColor": "rgba(0, 0, 0, 0.3)",
          "borderRadius": 5,
          "borderStyle": "solid",
          "borderWidth": 0.08,
          "height": 120,
          "justifyContent": "center",
          "marginBottom": 20,
          "shadowColor": "#000",
          "shadowOffset": Object {
            "height": 2,
            "width": 1,
          },
          "shadowOpacity": 0.08,
          "shadowRadius": 2,
          "width": "90%",
        }
      }
    >
      <Text
        accessible={true}
        allowFontScaling={true}
        disabled={false}
        ellipsizeMode="tail"
        style={
          Object {
            "alignSelf": "center",
            "color": "#4A4A4A",
            "fontFamily": "helvetica-neue-md",
            "fontSize": 24,
            "marginLeft": 20,
            "marginRight": 20,
          }
        }
      />
    </View>
    <Text
      accessible={true}
      allowFontScaling={true}
      disabled={false}
      ellipsizeMode="tail"
      style={
        Object {
          "backgroundColor": "transparent",
          "color": "#B8B8B8",
          "fontFamily": "helvetica-neue-md",
          "fontSize": 12,
          "marginBottom": 20,
          "marginLeft": 20,
          "marginRight": 20,
        }
      }
    >
      Choose your side with one of the following:
    </Text>
    <View
      style={
        Object {
          "alignSelf": "center",
          "backgroundColor": "white",
          "borderColor": "rgba(0, 0, 0, 0.3)",
          "borderRadius": 5,
          "borderStyle": "solid",
          "borderWidth": 0.08,
          "flex": 1,
          "flexDirection": "row",
          "height": 60,
          "justifyContent": "space-between",
          "marginBottom": 20,
          "shadowColor": "#000",
          "shadowOffset": Object {
            "height": 2,
            "width": 1,
          },
          "shadowOpacity": 0.08,
          "shadowRadius": 2,
          "width": "90%",
        }
      }
    >
      <Text
        accessible={true}
        allowFontScaling={true}
        disabled={false}
        ellipsizeMode="tail"
        style={
          Object {
            "backgroundColor": "transparent",
            "color": "#0098E3",
            "fontFamily": "helvetica-neue-lt",
            "fontSize": 24,
            "marginLeft": 20,
            "marginTop": 15,
          }
        }
      />
      <Image
        source={1}
        style={
          Object {
            "marginRight": 20,
            "marginTop": 15,
          }
        }
      />
    </View>
    <View
      style={
        Object {
          "alignSelf": "center",
          "backgroundColor": "white",
          "borderColor": "rgba(0, 0, 0, 0.3)",
          "borderRadius": 5,
          "borderStyle": "solid",
          "borderWidth": 0.08,
          "flex": 1,
          "flexDirection": "row",
          "height": 60,
          "justifyContent": "space-between",
          "marginBottom": 20,
          "shadowColor": "#000",
          "shadowOffset": Object {
            "height": 2,
            "width": 1,
          },
          "shadowOpacity": 0.08,
          "shadowRadius": 2,
          "width": "90%",
        }
      }
    >
      <Text
        accessible={true}
        allowFontScaling={true}
        disabled={false}
        ellipsizeMode="tail"
        style={
          Object {
            "backgroundColor": "transparent",
            "color": "#E44043",
            "fontFamily": "helvetica-neue-lt",
            "fontSize": 24,
            "marginLeft": 20,
            "marginTop": 15,
          }
        }
      />
      <Image
        source={1}
        style={
          Object {
            "marginRight": 20,
            "marginTop": 17,
          }
        }
      />
    </View>
    <View
      style={
        Object {
          "alignSelf": "center",
          "backgroundColor": "white",
          "borderColor": "rgba(0, 0, 0, 0.3)",
          "borderRadius": 5,
          "borderStyle": "solid",
          "borderWidth": 0.08,
          "flex": 1,
          "flexDirection": "row",
          "height": 60,
          "justifyContent": "space-between",
          "marginBottom": 20,
          "shadowColor": "#000",
          "shadowOffset": Object {
            "height": 2,
            "width": 1,
          },
          "shadowOpacity": 0.08,
          "shadowRadius": 2,
          "width": "90%",
        }
      }
    >
      <Text
        accessible={true}
        allowFontScaling={true}
        disabled={false}
        ellipsizeMode="tail"
        style={
          Object {
            "backgroundColor": "transparent",
            "color": "#8F8F8F",
            "fontFamily": "helvetica-neue-lt",
            "fontSize": 24,
            "marginLeft": 20,
            "marginTop": 15,
          }
        }
      />
      <Image
        source={1}
        style={
          Object {
            "marginRight": 20,
            "marginTop": 15,
          }
        }
      />
    </View>
    <Text
      accessible={true}
      allowFontScaling={true}
      disabled={false}
      ellipsizeMode="tail"
      style={
        Object {
          "backgroundColor": "transparent",
          "color": "#B8B8B8",
          "fontFamily": "helvetica-neue-md",
          "fontSize": 12,
          "marginBottom": 20,
          "marginLeft": 20,
          "marginRight": 20,
        }
      }
    >
      Remember that you can change your mind before debate ends, thats why we are here!
    </Text>
  </ScrollViewMock>
</View>
`;

exports[`renders debate details component if isFetched is true on HomePage 1`] = `
<View
  style={
    Object {
      "flex": 1,
    }
  }
>
  <NavigationBar
    backgroundColor="#4CC359"
    height={50}
    leftButtonTitle={null}
    leftButtonTitleColor="#000"
    rightButtonTitle={null}
    rightButtonTitleColor="#000"
    title="EL Debate"
    titleColor="#fff"
  />
  <View
    style={
      Object {
        "flex": 1,
        "top": 100,
      }
    }
  >
    <ScrollViewMock
      style={
        Object {
          "flex": 1,
        }
      }
    >
      <Text
        accessible={true}
        allowFontScaling={true}
        disabled={false}
        ellipsizeMode="tail"
        style={
          Object {
            "color": "#656565",
            "fontFamily": "helvetica-neue-lt",
            "fontSize": 20,
            "marginBottom": 20,
            "textAlign": "center",
          }
        }
      />
      <Text
        accessible={true}
        allowFontScaling={true}
        disabled={false}
        ellipsizeMode="tail"
        style={
          Object {
            "color": "#656565",
            "fontFamily": "helvetica-neue-lt",
            "fontSize": 20,
            "marginBottom": 20,
            "textAlign": "center",
          }
        }
      >
        Welcome to
      </Text>
      <Image
        source={1}
        style={
          Object {
            "alignSelf": "center",
            "height": 50,
            "resizeMode": "contain",
            "width": 106,
          }
        }
      />
      <View>
        <TextInput
          keyboardType="numeric"
          maxLength={5}
          onChange={[Function]}
          onSubmitEditing={[Function]}
          placeholder="EL Debate PIN"
          returnKeyType="done"
          style={
            Object {
              "alignSelf": "center",
              "borderBottomColor": "#C0C0C0",
              "borderBottomWidth": 1,
              "bottom": 0,
              "color": "#8F8F8F",
              "fontSize": 18,
              "height": 40,
              "marginRight": 5,
              "marginTop": 40,
              "textAlign": "center",
              "width": "80%",
            }
          }
          value=""
        />
        <Image
          source={1}
          style={
            Object {
              "bottom": 30,
              "left": 45,
              "position": "relative",
            }
          }
        />
      </View>
    </ScrollViewMock>
    <View
      style={
        Object {
          "bottom": 0,
        }
      }
    >
      <Image
        source={1}
        style={
          Object {
            "alignSelf": "center",
            "bottom": 0,
          }
        }
      />
      <Button
        onPress={[Function]}
        style={
          Object {
            "alignSelf": "center",
            "backgroundColor": "#4CC359",
            "borderColor": "#fff",
            "borderRadius": 0,
            "bottom": 120,
            "height": 40,
            "width": "80%",
          }
        }
      >
        <Text
          accessible={true}
          allowFontScaling={true}
          disabled={false}
          ellipsizeMode="tail"
          style={
            Object {
              "color": "#fff",
              "fontFamily": "helvetica-neue-lt",
              "fontSize": 14,
            }
          }
        >
          Log in
        </Text>
      </Button>
    </View>
  </View>
</View>
`;
