// Jest Snapshot v1, https://goo.gl/fbAQLP

exports[`renders correctly 1`] = `
<View
  style={
    Object {
      "flex": 1,
    }
  }
>
  <NavigationBar
    backgroundColor="#4CC359"
    height={50}
    leftButtonTitle={null}
    leftButtonTitleColor="#000"
    rightButtonTitle={null}
    rightButtonTitleColor="#000"
    title="EL Debate"
    titleColor="#fff"
  />
  <View
    style={
      Object {
        "flex": 1,
        "top": 100,
      }
    }
  >
    <ScrollViewMock
      style={
        Object {
          "flex": 1,
        }
      }
    >
      <Text
        accessible={true}
        allowFontScaling={true}
        disabled={false}
        ellipsizeMode="tail"
        style={
          Object {
            "color": "#656565",
            "fontFamily": "helvetica-neue-lt",
            "fontSize": 20,
            "marginBottom": 20,
            "textAlign": "center",
          }
        }
      >
        Welcome to
      </Text>
      <Image
        source={1}
        style={
          Object {
            "alignSelf": "center",
            "height": 50,
            "resizeMode": "contain",
            "width": 106,
          }
        }
      />
      <View>
        <TextInput
          keyboardType="numeric"
          maxLength={5}
          onChange={[Function]}
          onSubmitEditing={[Function]}
          placeholder="EL Debate PIN"
          returnKeyType="done"
          style={
            Object {
              "alignSelf": "center",
              "borderBottomColor": "#C0C0C0",
              "borderBottomWidth": 1,
              "bottom": 0,
              "color": "#8F8F8F",
              "fontSize": 18,
              "height": 40,
              "marginRight": 5,
              "marginTop": 40,
              "textAlign": "center",
              "width": "80%",
            }
          }
          value=""
        />
        <Image
          source={1}
          style={
            Object {
              "bottom": 30,
              "left": 45,
              "position": "relative",
            }
          }
        />
      </View>
    </ScrollViewMock>
    <TouchableWithoutFeedback
      onPress={[Function]}
    >
      <View
        style={
          Object {
            "bottom": 0,
          }
        }
      >
        <Image
          source={1}
          style={
            Object {
              "alignSelf": "center",
              "bottom": 0,
            }
          }
        />
        <Button
          onPress={[Function]}
          style={
            Object {
              "alignSelf": "center",
              "backgroundColor": "#4CC359",
              "borderColor": "#fff",
              "borderRadius": 0,
              "bottom": 120,
              "height": 40,
              "width": "80%",
            }
          }
        >
          <Text
            accessible={true}
            allowFontScaling={true}
            disabled={false}
            ellipsizeMode="tail"
            style={
              Object {
                "color": "#fff",
                "fontFamily": "helvetica-neue-lt",
                "fontSize": 14,
              }
            }
          >
            Log in
          </Text>
        </Button>
      </View>
    </TouchableWithoutFeedback>
  </View>
  <AlertModal
    animationDuration={400}
    bottomPosition={0}
  />
</View>
`;
